Archive member included because of file (symbol)

c:/program files (x86)/atmel/avr studio 5.0/avr toolchain/bin/../lib/gcc/avr/4.5.1/avr51\libgcc.a(_mulsi3.o)
                              os_time.o (__mulsi3)
c:/program files (x86)/atmel/avr studio 5.0/avr toolchain/bin/../lib/gcc/avr/4.5.1/avr51\libgcc.a(_udivmodsi4.o)
                              bsp.o (__udivmodsi4)
c:/program files (x86)/atmel/avr studio 5.0/avr toolchain/bin/../lib/gcc/avr/4.5.1/avr51\libgcc.a(_exit.o)
                              c:/program files (x86)/atmel/avr studio 5.0/avr toolchain/bin/../lib/gcc/avr/4.5.1/../../../../avr/lib/avr51/crtm128.o (exit)
c:/program files (x86)/atmel/avr studio 5.0/avr toolchain/bin/../lib/gcc/avr/4.5.1/avr51\libgcc.a(_copy_data.o)
                              main.o (__do_copy_data)
c:/program files (x86)/atmel/avr studio 5.0/avr toolchain/bin/../lib/gcc/avr/4.5.1/avr51\libgcc.a(_clear_bss.o)
                              bsp.o (__do_clear_bss)

Allocating common symbols
Common symbol       size              file

OSLockNesting       0x1               os_core.o
OSRunning           0x1               os_core.o
OSIdleCtr           0x4               os_core.o
OSPrioHighRdy       0x1               os_core.o
OSFlagTbl           0xb4              os_core.o
OSPrioCur           0x1               os_core.o
OSTCBList           0x2               os_core.o
OSTickStepState     0x1               os_core.o
sem_key             0x2               main.o
OSCtxSwCtr          0x4               os_core.o
OSTCBFreeList       0x2               os_core.o
OSTaskCtr           0x1               os_core.o
OSQTbl              0x38              os_core.o
OSTCBHighRdy        0x2               os_core.o
OSQFreeList         0x2               os_core.o
OSRdyGrp            0x1               os_core.o
OSRdyTbl            0x8               os_core.o
OSEventFreeList     0x2               os_core.o
OSIntNesting        0x1               bsp.o
OSTCBCur            0x2               os_core.o
OSTime              0x4               os_core.o
OSTaskIdleStk       0x40              os_core.o
OSEventTbl          0xdc              os_core.o
OSTCBTbl            0x348             os_core.o
OSFlagFreeList      0x2               os_core.o
OSTCBPrioTbl        0x80              os_core.o

Memory Configuration

Name             Origin             Length             Attributes
text             0x00000000         0x00020000         xr
data             0x00800100         0x0000ff00         rw !x
eeprom           0x00810000         0x00010000         rw !x
fuse             0x00820000         0x00000400         rw !x
lock             0x00830000         0x00000400         rw !x
signature        0x00840000         0x00000400         rw !x
*default*        0x00000000         0xffffffff

Linker script and memory map

Address of section .data set to 0x800100
LOAD c:/program files (x86)/atmel/avr studio 5.0/avr toolchain/bin/../lib/gcc/avr/4.5.1/../../../../avr/lib/avr51/crtm128.o
LOAD bsp.o
LOAD main.o
LOAD os_core.o
LOAD os_cpu_a.o
LOAD os_cpu_c.o
LOAD os_dbg_r.o
LOAD os_flag.o
LOAD os_mbox.o
LOAD os_mem.o
LOAD os_mutex.o
LOAD os_q.o
LOAD os_sem.o
LOAD os_task.o
LOAD os_time.o
LOAD os_tmr.o
LOAD ucos_ii.o
LOAD c:/program files (x86)/atmel/avr studio 5.0/avr toolchain/bin/../lib/gcc/avr/4.5.1/avr51\libgcc.a
LOAD c:/program files (x86)/atmel/avr studio 5.0/avr toolchain/bin/../lib/gcc/avr/4.5.1/../../../../avr/lib/avr51\libc.a
LOAD c:/program files (x86)/atmel/avr studio 5.0/avr toolchain/bin/../lib/gcc/avr/4.5.1/avr51\libgcc.a

.hash
 *(.hash)

.dynsym
 *(.dynsym)

.dynstr
 *(.dynstr)

.gnu.version
 *(.gnu.version)

.gnu.version_d
 *(.gnu.version_d)

.gnu.version_r
 *(.gnu.version_r)

.rel.init
 *(.rel.init)

.rela.init
 *(.rela.init)

.rel.text
 *(.rel.text)
 *(.rel.text.*)
 *(.rel.gnu.linkonce.t*)

.rela.text
 *(.rela.text)
 *(.rela.text.*)
 *(.rela.gnu.linkonce.t*)

.rel.fini
 *(.rel.fini)

.rela.fini
 *(.rela.fini)

.rel.rodata
 *(.rel.rodata)
 *(.rel.rodata.*)
 *(.rel.gnu.linkonce.r*)

.rela.rodata
 *(.rela.rodata)
 *(.rela.rodata.*)
 *(.rela.gnu.linkonce.r*)

.rel.data
 *(.rel.data)
 *(.rel.data.*)
 *(.rel.gnu.linkonce.d*)

.rela.data
 *(.rela.data)
 *(.rela.data.*)
 *(.rela.gnu.linkonce.d*)

.rel.ctors
 *(.rel.ctors)

.rela.ctors
 *(.rela.ctors)

.rel.dtors
 *(.rel.dtors)

.rela.dtors
 *(.rela.dtors)

.rel.got
 *(.rel.got)

.rela.got
 *(.rela.got)

.rel.bss
 *(.rel.bss)

.rela.bss
 *(.rela.bss)

.rel.plt
 *(.rel.plt)

.rela.plt
 *(.rela.plt)

.text           0x00000000     0x6514
 *(.vectors)
 .vectors       0x00000000       0x8c c:/program files (x86)/atmel/avr studio 5.0/avr toolchain/bin/../lib/gcc/avr/4.5.1/../../../../avr/lib/avr51/crtm128.o
                0x00000000                __vector_default
                0x00000000                __vectors
 *(.vectors)
 *(.progmem.gcc*)
 *(.progmem*)
                0x0000008c                . = ALIGN (0x2)
                0x0000008c                __trampolines_start = .
 *(.trampolines)
 .trampolines   0x0000008c        0x0 linker stubs
 *(.trampolines*)
                0x0000008c                __trampolines_end = .
 *(.jumptables)
 *(.jumptables*)
 *(.lowtext)
 *(.lowtext*)
                0x0000008c                __ctors_start = .
 *(.ctors)
                0x0000008c                __ctors_end = .
                0x0000008c                __dtors_start = .
 *(.dtors)
                0x0000008c                __dtors_end = .
 SORT(*)(.ctors)
 SORT(*)(.dtors)
 *(.init0)
 .init0         0x0000008c        0x0 c:/program files (x86)/atmel/avr studio 5.0/avr toolchain/bin/../lib/gcc/avr/4.5.1/../../../../avr/lib/avr51/crtm128.o
                0x0000008c                __init
 *(.init0)
 *(.init1)
 *(.init1)
 *(.init2)
 .init2         0x0000008c        0xc c:/program files (x86)/atmel/avr studio 5.0/avr toolchain/bin/../lib/gcc/avr/4.5.1/../../../../avr/lib/avr51/crtm128.o
 *(.init2)
 *(.init3)
 *(.init3)
 *(.init4)
 .init4         0x00000098       0x1a c:/program files (x86)/atmel/avr studio 5.0/avr toolchain/bin/../lib/gcc/avr/4.5.1/avr51\libgcc.a(_copy_data.o)
                0x00000098                __do_copy_data
 .init4         0x000000b2       0x10 c:/program files (x86)/atmel/avr studio 5.0/avr toolchain/bin/../lib/gcc/avr/4.5.1/avr51\libgcc.a(_clear_bss.o)
                0x000000b2                __do_clear_bss
 *(.init4)
 *(.init5)
 *(.init5)
 *(.init6)
 *(.init6)
 *(.init7)
 *(.init7)
 *(.init8)
 *(.init8)
 *(.init9)
 .init9         0x000000c2        0x8 c:/program files (x86)/atmel/avr studio 5.0/avr toolchain/bin/../lib/gcc/avr/4.5.1/../../../../avr/lib/avr51/crtm128.o
 *(.init9)
 *(.text)
 .text          0x000000ca        0x4 c:/program files (x86)/atmel/avr studio 5.0/avr toolchain/bin/../lib/gcc/avr/4.5.1/../../../../avr/lib/avr51/crtm128.o
                0x000000ca                __vector_22
                0x000000ca                __vector_28
                0x000000ca                __vector_1
                0x000000ca                __vector_32
                0x000000ca                __vector_34
                0x000000ca                __vector_24
                0x000000ca                __vector_12
                0x000000ca                __bad_interrupt
                0x000000ca                __vector_6
                0x000000ca                __vector_31
                0x000000ca                __vector_3
                0x000000ca                __vector_23
                0x000000ca                __vector_30
                0x000000ca                __vector_25
                0x000000ca                __vector_11
                0x000000ca                __vector_13
                0x000000ca                __vector_17
                0x000000ca                __vector_19
                0x000000ca                __vector_7
                0x000000ca                __vector_27
                0x000000ca                __vector_5
                0x000000ca                __vector_33
                0x000000ca                __vector_4
                0x000000ca                __vector_9
                0x000000ca                __vector_2
                0x000000ca                __vector_21
                0x000000ca                __vector_29
                0x000000ca                __vector_8
                0x000000ca                __vector_26
                0x000000ca                __vector_14
                0x000000ca                __vector_10
                0x000000ca                __vector_16
                0x000000ca                __vector_18
                0x000000ca                __vector_20
 .text          0x000000ce      0x540 bsp.o
                0x000000ce                BSP_Init
                0x00000130                BSP_InitTickISR
                0x000001f0                __vector_15
                0x00000250                LED_Init
                0x000002ae                LED_On
                0x000003c4                LED_Off
                0x000004dc                LED_Toggle
 .text          0x0000060e      0x158 main.o
                0x0000060e                Task1
                0x00000644                Task2
                0x0000069c                Task3
                0x000006ee                tasks_create
                0x0000074c                main
 .text          0x00000766      0xfc6 os_core.o
                0x00000766                OSEventNameGet
                0x0000082c                OSEventNameSet
                0x00000904                OSInit
                0x0000093a                OSIntEnter
                0x00000962                OSIntExit
                0x000009f8                OSStart
                0x00000a4c                OSTimeTick
                0x00000bdc                OSVersion
                0x00000bee                OS_EventTaskRdy
                0x00000d92                OS_EventTaskWait
                0x00000e92                OS_EventTOAbort
                0x00000f5c                OS_EventWaitListInit
                0x0000126c                OS_MemClr
                0x000012b4                OS_MemCopy
                0x00001318                OS_Sched
                0x000013e0                OS_StrCopy
                0x0000144a                OS_StrLen
                0x00001488                OS_TaskIdle
                0x000014c6                OS_TCBInit
 .text          0x0000172c      0x214 os_cpu_a.o
                0x0000172c                OSStartHighRdy
                0x0000178c                OSCtxSw
                0x00001840                OSIntCtxSw
                0x000018a6                OSTickISR
 .text          0x00001940      0x3b0 os_cpu_c.o
                0x00001940                OSInitHookBegin
                0x0000194e                OSInitHookEnd
                0x0000195c                OSTaskCreateHook
                0x00001974                OSTaskDelHook
                0x0000198c                OSTaskIdleHook
                0x0000199a                OSTaskStatHook
                0x000019a8                OSTaskStkInit
                0x00001cbc                OSTaskSwHook
                0x00001cca                OSTCBInitHook
                0x00001ce2                OSTimeTickHook
 .text          0x00001cf0      0x17c os_dbg_r.o
                0x00001cf0                OSDebugInit
 .text          0x00001e6c     0x1024 os_flag.o
                0x00001e6c                OSFlagAccept
                0x0000204e                OSFlagCreate
                0x00002110                OSFlagDel
                0x000022d4                OSFlagNameGet
                0x00002394                OSFlagNameSet
                0x00002466                OSFlagPend
                0x0000280a                OSFlagPendGetFlagsRdy
                0x00002830                OSFlagPost
                0x00002a8a                OSFlagQuery
                0x00002c66                OS_FlagInit
                0x00002dee                OS_FlagUnlink
 .text          0x00002e90      0x798 os_mbox.o
                0x00002e90                OSMboxAccept
                0x00002eee                OSMboxCreate
                0x00002f94                OSMboxDel
                0x0000314c                OSMboxPend
                0x00003304                OSMboxPendAbort
                0x000033e8                OSMboxPost
                0x00003482                OSMboxPostOpt
                0x00003560                OSMboxQuery
 .text          0x00003628        0x0 os_mem.o
 .text          0x00003628      0xd0c os_mutex.o
                0x00003628                OSMutexAccept
                0x00003752                OSMutexCreate
                0x0000389a                OSMutexDel
                0x00003aea                OSMutexPend
                0x00003f6c                OSMutexPost
                0x000040de                OSMutexQuery
 .text          0x00004334      0xda6 os_q.o
                0x00004334                OSQAccept
                0x0000444c                OSQCreate
                0x000045b6                OSQDel
                0x000047c8                OSQFlush
                0x00004848                OSQPend
                0x00004a6a                OSQPendAbort
                0x00004b4e                OSQPost
                0x00004c5a                OSQPostFront
                0x00004d70                OSQPostOpt
                0x00004f2e                OSQQuery
                0x0000504c                OS_QInit
 .text          0x000050da      0x740 os_sem.o
                0x000050da                OSSemAccept
                0x00005150                OSSemCreate
                0x000051f6                OSSemDel
                0x000053ae                OSSemPend
                0x00005526                OSSemPendAbort
                0x0000560a                OSSemPost
                0x0000569c                OSSemQuery
                0x00005764                OSSemSet
 .text          0x0000581a      0x88e os_task.o
                0x0000581a                OSTaskCreate
                0x00005930                OSTaskCreateExt
                0x00005a62                OSTaskNameGet
                0x00005b66                OSTaskNameSet
                0x00005c78                OSTaskResume
                0x00005d7a                OSTaskStkChk
                0x00005efc                OSTaskSuspend
                0x00006020                OS_TaskStkClr
 .text          0x000060a8      0x3e6 os_time.o
                0x000060a8                OSTimeDly
                0x00006162                OSTimeDlyHMSM
                0x000062f4                OSTimeDlyResume
                0x0000640e                OSTimeGet
                0x00006450                OSTimeSet
 .text          0x0000648e        0x0 os_tmr.o
 .text          0x0000648e        0x0 ucos_ii.o
 .text          0x0000648e        0x0 c:/program files (x86)/atmel/avr studio 5.0/avr toolchain/bin/../lib/gcc/avr/4.5.1/avr51\libgcc.a(_mulsi3.o)
 .text          0x0000648e        0x0 c:/program files (x86)/atmel/avr studio 5.0/avr toolchain/bin/../lib/gcc/avr/4.5.1/avr51\libgcc.a(_udivmodsi4.o)
 .text          0x0000648e        0x0 c:/program files (x86)/atmel/avr studio 5.0/avr toolchain/bin/../lib/gcc/avr/4.5.1/avr51\libgcc.a(_exit.o)
 .text          0x0000648e        0x0 c:/program files (x86)/atmel/avr studio 5.0/avr toolchain/bin/../lib/gcc/avr/4.5.1/avr51\libgcc.a(_copy_data.o)
 .text          0x0000648e        0x0 c:/program files (x86)/atmel/avr studio 5.0/avr toolchain/bin/../lib/gcc/avr/4.5.1/avr51\libgcc.a(_clear_bss.o)
                0x0000648e                . = ALIGN (0x2)
 *(.text.*)
 .text.libgcc   0x0000648e       0x3e c:/program files (x86)/atmel/avr studio 5.0/avr toolchain/bin/../lib/gcc/avr/4.5.1/avr51\libgcc.a(_mulsi3.o)
                0x0000648e                __mulsi3
 .text.libgcc   0x000064cc       0x44 c:/program files (x86)/atmel/avr studio 5.0/avr toolchain/bin/../lib/gcc/avr/4.5.1/avr51\libgcc.a(_udivmodsi4.o)
                0x000064cc                __udivmodsi4
 .text.libgcc   0x00006510        0x0 c:/program files (x86)/atmel/avr studio 5.0/avr toolchain/bin/../lib/gcc/avr/4.5.1/avr51\libgcc.a(_exit.o)
 .text.libgcc   0x00006510        0x0 c:/program files (x86)/atmel/avr studio 5.0/avr toolchain/bin/../lib/gcc/avr/4.5.1/avr51\libgcc.a(_copy_data.o)
 .text.libgcc   0x00006510        0x0 c:/program files (x86)/atmel/avr studio 5.0/avr toolchain/bin/../lib/gcc/avr/4.5.1/avr51\libgcc.a(_clear_bss.o)
                0x00006510                . = ALIGN (0x2)
 *(.fini9)
 .fini9         0x00006510        0x0 c:/program files (x86)/atmel/avr studio 5.0/avr toolchain/bin/../lib/gcc/avr/4.5.1/avr51\libgcc.a(_exit.o)
                0x00006510                _exit
                0x00006510                exit
 *(.fini9)
 *(.fini8)
 *(.fini8)
 *(.fini7)
 *(.fini7)
 *(.fini6)
 *(.fini6)
 *(.fini5)
 *(.fini5)
 *(.fini4)
 *(.fini4)
 *(.fini3)
 *(.fini3)
 *(.fini2)
 *(.fini2)
 *(.fini1)
 *(.fini1)
 *(.fini0)
 .fini0         0x00006510        0x4 c:/program files (x86)/atmel/avr studio 5.0/avr toolchain/bin/../lib/gcc/avr/4.5.1/avr51\libgcc.a(_exit.o)
 *(.fini0)
                0x00006514                _etext = .

.data           0x00800100      0x178 load address 0x00006514
                0x00800100                PROVIDE (__data_start, .)
 *(.data)
 .data          0x00800100        0x0 c:/program files (x86)/atmel/avr studio 5.0/avr toolchain/bin/../lib/gcc/avr/4.5.1/../../../../avr/lib/avr51/crtm128.o
 .data          0x00800100        0x0 bsp.o
 .data          0x00800100        0x2 main.o
                0x00800100                time_out
 .data          0x00800102      0x108 os_core.o
                0x00800102                OSUnMapTbl
 .data          0x0080020a        0x0 os_cpu_a.o
 .data          0x0080020a        0x0 os_cpu_c.o
 .data          0x0080020a       0x6e os_dbg_r.o
                0x0080020a                OSDebugEn
                0x0080020c                OSEndiannessTest
                0x00800210                OSEventEn
                0x00800212                OSEventMax
                0x00800214                OSEventNameSize
                0x00800216                OSEventSize
                0x00800218                OSEventTblSize
                0x0080021a                OSFlagEn
                0x0080021c                OSFlagGrpSize
                0x0080021e                OSFlagNodeSize
                0x00800220                OSFlagWidth
                0x00800222                OSFlagMax
                0x00800224                OSFlagNameSize
                0x00800226                OSLowestPrio
                0x00800228                OSMboxEn
                0x0080022a                OSMemEn
                0x0080022c                OSMemMax
                0x0080022e                OSMemNameSize
                0x00800230                OSMemSize
                0x00800232                OSMemTblSize
                0x00800234                OSMutexEn
                0x00800236                OSPtrSize
                0x00800238                OSQEn
                0x0080023a                OSQMax
                0x0080023c                OSQSize
                0x0080023e                OSRdyTblSize
                0x00800240                OSSemEn
                0x00800242                OSStkWidth
                0x00800244                OSTaskCreateEn
                0x00800246                OSTaskCreateExtEn
                0x00800248                OSTaskDelEn
                0x0080024a                OSTaskIdleStkSize
                0x0080024c                OSTaskProfileEn
                0x0080024e                OSTaskMax
                0x00800250                OSTaskNameSize
                0x00800252                OSTaskStatEn
                0x00800254                OSTaskStatStkSize
                0x00800256                OSTaskStatStkChkEn
                0x00800258                OSTaskSwHookEn
                0x0080025a                OSTCBPrioTblMax
                0x0080025c                OSTCBSize
                0x0080025e                OSTicksPerSec
                0x00800260                OSTimeTickHookEn
                0x00800262                OSVersionNbr
                0x00800264                OSTmrEn
                0x00800266                OSTmrCfgMax
                0x00800268                OSTmrCfgNameSize
                0x0080026a                OSTmrCfgWheelSize
                0x0080026c                OSTmrCfgTicksPerSec
                0x0080026e                OSTmrSize
                0x00800270                OSTmrTblSize
                0x00800272                OSTmrWheelSize
                0x00800274                OSTmrWheelTblSize
                0x00800276                OSDataSize
 .data          0x00800278        0x0 os_flag.o
 .data          0x00800278        0x0 os_mbox.o
 .data          0x00800278        0x0 os_mem.o
 .data          0x00800278        0x0 os_mutex.o
 .data          0x00800278        0x0 os_q.o
 .data          0x00800278        0x0 os_sem.o
 .data          0x00800278        0x0 os_task.o
 .data          0x00800278        0x0 os_time.o
 .data          0x00800278        0x0 os_tmr.o
 .data          0x00800278        0x0 ucos_ii.o
 .data          0x00800278        0x0 c:/program files (x86)/atmel/avr studio 5.0/avr toolchain/bin/../lib/gcc/avr/4.5.1/avr51\libgcc.a(_mulsi3.o)
 .data          0x00800278        0x0 c:/program files (x86)/atmel/avr studio 5.0/avr toolchain/bin/../lib/gcc/avr/4.5.1/avr51\libgcc.a(_udivmodsi4.o)
 .data          0x00800278        0x0 c:/program files (x86)/atmel/avr studio 5.0/avr toolchain/bin/../lib/gcc/avr/4.5.1/avr51\libgcc.a(_exit.o)
 .data          0x00800278        0x0 c:/program files (x86)/atmel/avr studio 5.0/avr toolchain/bin/../lib/gcc/avr/4.5.1/avr51\libgcc.a(_copy_data.o)
 .data          0x00800278        0x0 c:/program files (x86)/atmel/avr studio 5.0/avr toolchain/bin/../lib/gcc/avr/4.5.1/avr51\libgcc.a(_clear_bss.o)
 *(.data*)
 *(.rodata)
 *(.rodata*)
 *(.gnu.linkonce.d*)
                0x00800278                . = ALIGN (0x2)
                0x00800278                _edata = .
                0x00800278                PROVIDE (__data_end, .)

.bss            0x00800278      0x71d
                0x00800278                PROVIDE (__bss_start, .)
 *(.bss)
 .bss           0x00800278        0x0 c:/program files (x86)/atmel/avr studio 5.0/avr toolchain/bin/../lib/gcc/avr/4.5.1/../../../../avr/lib/avr51/crtm128.o
 .bss           0x00800278        0x0 bsp.o
 .bss           0x00800278      0x121 main.o
                0x00800278                s_err
 .bss           0x00800399        0x0 os_core.o
 .bss           0x00800399        0x0 os_cpu_a.o
 .bss           0x00800399        0x0 os_cpu_c.o
 .bss           0x00800399        0x0 os_dbg_r.o
 .bss           0x00800399        0x0 os_flag.o
 .bss           0x00800399        0x0 os_mbox.o
 .bss           0x00800399        0x0 os_mem.o
 .bss           0x00800399        0x0 os_mutex.o
 .bss           0x00800399        0x0 os_q.o
 .bss           0x00800399        0x0 os_sem.o
 .bss           0x00800399        0x0 os_task.o
 .bss           0x00800399        0x0 os_time.o
 .bss           0x00800399        0x0 os_tmr.o
 .bss           0x00800399        0x0 ucos_ii.o
 .bss           0x00800399        0x0 c:/program files (x86)/atmel/avr studio 5.0/avr toolchain/bin/../lib/gcc/avr/4.5.1/avr51\libgcc.a(_mulsi3.o)
 .bss           0x00800399        0x0 c:/program files (x86)/atmel/avr studio 5.0/avr toolchain/bin/../lib/gcc/avr/4.5.1/avr51\libgcc.a(_udivmodsi4.o)
 .bss           0x00800399        0x0 c:/program files (x86)/atmel/avr studio 5.0/avr toolchain/bin/../lib/gcc/avr/4.5.1/avr51\libgcc.a(_exit.o)
 .bss           0x00800399        0x0 c:/program files (x86)/atmel/avr studio 5.0/avr toolchain/bin/../lib/gcc/avr/4.5.1/avr51\libgcc.a(_copy_data.o)
 .bss           0x00800399        0x0 c:/program files (x86)/atmel/avr studio 5.0/avr toolchain/bin/../lib/gcc/avr/4.5.1/avr51\libgcc.a(_clear_bss.o)
 *(.bss*)
 *(COMMON)
 COMMON         0x00800399        0x1 bsp.o
                0x00800399                OSIntNesting
 COMMON         0x0080039a        0x2 main.o
                0x0080039a                sem_key
 COMMON         0x0080039c      0x5f9 os_core.o
                0x0080039c                OSLockNesting
                0x0080039d                OSRunning
                0x0080039e                OSIdleCtr
                0x008003a2                OSPrioHighRdy
                0x008003a3                OSFlagTbl
                0x00800457                OSPrioCur
                0x00800458                OSTCBList
                0x0080045a                OSTickStepState
                0x0080045b                OSCtxSwCtr
                0x0080045f                OSTCBFreeList
                0x00800461                OSTaskCtr
                0x00800462                OSQTbl
                0x0080049a                OSTCBHighRdy
                0x0080049c                OSQFreeList
                0x0080049e                OSRdyGrp
                0x0080049f                OSRdyTbl
                0x008004a7                OSEventFreeList
                0x008004a9                OSTCBCur
                0x008004ab                OSTime
                0x008004af                OSTaskIdleStk
                0x008004ef                OSEventTbl
                0x008005cb                OSTCBTbl
                0x00800913                OSFlagFreeList
                0x00800915                OSTCBPrioTbl
                0x00800995                PROVIDE (__bss_end, .)
                0x00006514                __data_load_start = LOADADDR (.data)
                0x0000668c                __data_load_end = (__data_load_start + SIZEOF (.data))

.noinit         0x00800995        0x0
                0x00800995                PROVIDE (__noinit_start, .)
 *(.noinit*)
                0x00800995                PROVIDE (__noinit_end, .)
                0x00800995                _end = .
                0x00800995                PROVIDE (__heap_start, .)

.eeprom         0x00810000        0x0
 *(.eeprom*)
                0x00810000                __eeprom_end = .

.fuse
 *(.fuse)
 *(.lfuse)
 *(.hfuse)
 *(.efuse)

.lock
 *(.lock*)

.signature
 *(.signature*)

.stab           0x00000000      0x6cc
 *(.stab)
 .stab          0x00000000      0x6cc c:/program files (x86)/atmel/avr studio 5.0/avr toolchain/bin/../lib/gcc/avr/4.5.1/../../../../avr/lib/avr51/crtm128.o

.stabstr        0x00000000       0x85
 *(.stabstr)
 .stabstr       0x00000000       0x85 c:/program files (x86)/atmel/avr studio 5.0/avr toolchain/bin/../lib/gcc/avr/4.5.1/../../../../avr/lib/avr51/crtm128.o

.stab.excl
 *(.stab.excl)

.stab.exclstr
 *(.stab.exclstr)

.stab.index
 *(.stab.index)

.stab.indexstr
 *(.stab.indexstr)

.comment
 *(.comment)

.debug
 *(.debug)

.line
 *(.line)

.debug_srcinfo
 *(.debug_srcinfo)

.debug_sfnames
 *(.debug_sfnames)

.debug_aranges  0x00000000      0x1a0
 *(.debug_aranges)
 .debug_aranges
                0x00000000       0x20 bsp.o
 .debug_aranges
                0x00000020       0x20 main.o
 .debug_aranges
                0x00000040       0x20 os_core.o
 .debug_aranges
                0x00000060       0x20 os_cpu_a.o
 .debug_aranges
                0x00000080       0x20 os_cpu_c.o
 .debug_aranges
                0x000000a0       0x20 os_dbg_r.o
 .debug_aranges
                0x000000c0       0x20 os_flag.o
 .debug_aranges
                0x000000e0       0x20 os_mbox.o
 .debug_aranges
                0x00000100       0x20 os_mutex.o
 .debug_aranges
                0x00000120       0x20 os_q.o
 .debug_aranges
                0x00000140       0x20 os_sem.o
 .debug_aranges
                0x00000160       0x20 os_task.o
 .debug_aranges
                0x00000180       0x20 os_time.o

.debug_pubnames
                0x00000000      0xedf
 *(.debug_pubnames)
 .debug_pubnames
                0x00000000       0x87 bsp.o
 .debug_pubnames
                0x00000087       0x7e main.o
 .debug_pubnames
                0x00000105      0x2d6 os_core.o
 .debug_pubnames
                0x000003db       0xde os_cpu_c.o
 .debug_pubnames
                0x000004b9      0x3c3 os_dbg_r.o
 .debug_pubnames
                0x0000087c       0xe1 os_flag.o
 .debug_pubnames
                0x0000095d       0xa7 os_mbox.o
 .debug_pubnames
                0x00000a04       0x23 os_mem.o
 .debug_pubnames
                0x00000a27       0x87 os_mutex.o
 .debug_pubnames
                0x00000aae       0xba os_q.o
 .debug_pubnames
                0x00000b68       0x9b os_sem.o
 .debug_pubnames
                0x00000c03       0xb2 os_task.o
 .debug_pubnames
                0x00000cb5       0x73 os_time.o
 .debug_pubnames
                0x00000d28       0x23 os_tmr.o
 .debug_pubnames
                0x00000d4b      0x194 ucos_ii.o

.debug_info     0x00000000     0x5929
 *(.debug_info)
 .debug_info    0x00000000      0x1b5 bsp.o
 .debug_info    0x000001b5      0x2a5 main.o
 .debug_info    0x0000045a      0xcf4 os_core.o
 .debug_info    0x0000114e       0x63 os_cpu_a.o
 .debug_info    0x000011b1      0x408 os_cpu_c.o
 .debug_info    0x000015b9      0xcff os_dbg_r.o
 .debug_info    0x000022b8      0x996 os_flag.o
 .debug_info    0x00002c4e      0x5e7 os_mbox.o
 .debug_info    0x00003235       0x88 os_mem.o
 .debug_info    0x000032bd      0x6aa os_mutex.o
 .debug_info    0x00003967      0x82a os_q.o
 .debug_info    0x00004191      0x5c1 os_sem.o
 .debug_info    0x00004752      0x700 os_task.o
 .debug_info    0x00004e52      0x47d os_time.o
 .debug_info    0x000052cf       0x88 os_tmr.o
 .debug_info    0x00005357      0x5d2 ucos_ii.o
 *(.gnu.linkonce.wi.*)

.debug_abbrev   0x00000000     0x1105
 *(.debug_abbrev)
 .debug_abbrev  0x00000000       0xa8 bsp.o
 .debug_abbrev  0x000000a8      0x11f main.o
 .debug_abbrev  0x000001c7      0x1e8 os_core.o
 .debug_abbrev  0x000003af       0x14 os_cpu_a.o
 .debug_abbrev  0x000003c3      0x159 os_cpu_c.o
 .debug_abbrev  0x0000051c       0xfc os_dbg_r.o
 .debug_abbrev  0x00000618      0x17c os_flag.o
 .debug_abbrev  0x00000794      0x148 os_mbox.o
 .debug_abbrev  0x000008dc       0x4f os_mem.o
 .debug_abbrev  0x0000092b      0x174 os_mutex.o
 .debug_abbrev  0x00000a9f      0x16e os_q.o
 .debug_abbrev  0x00000c0d      0x16e os_sem.o
 .debug_abbrev  0x00000d7b      0x160 os_task.o
 .debug_abbrev  0x00000edb      0x13f os_time.o
 .debug_abbrev  0x0000101a       0x4f os_tmr.o
 .debug_abbrev  0x00001069       0x9c ucos_ii.o

.debug_line     0x00000000     0x4f12
 *(.debug_line)
 .debug_line    0x00000000      0x40c bsp.o
 .debug_line    0x0000040c      0x1e5 main.o
 .debug_line    0x000005f1      0xa85 os_core.o
 .debug_line    0x00001076       0x74 os_cpu_a.o
 .debug_line    0x000010ea      0x232 os_cpu_c.o
 .debug_line    0x0000131c      0x1e2 os_dbg_r.o
 .debug_line    0x000014fe      0xdaf os_flag.o
 .debug_line    0x000022ad      0x759 os_mbox.o
 .debug_line    0x00002a06       0x5c os_mem.o
 .debug_line    0x00002a62      0x8f5 os_mutex.o
 .debug_line    0x00003357      0xa66 os_q.o
 .debug_line    0x00003dbd      0x6ec os_sem.o
 .debug_line    0x000044a9      0x6ce os_task.o
 .debug_line    0x00004b77      0x2e3 os_time.o
 .debug_line    0x00004e5a       0x5c os_tmr.o
 .debug_line    0x00004eb6       0x5c ucos_ii.o

.debug_frame    0x00000000      0x780
 *(.debug_frame)
 .debug_frame   0x00000000       0x80 bsp.o
 .debug_frame   0x00000080       0x60 main.o
 .debug_frame   0x000000e0      0x1a0 os_core.o
 .debug_frame   0x00000280       0xb0 os_cpu_c.o
 .debug_frame   0x00000330       0x20 os_dbg_r.o
 .debug_frame   0x00000350       0xe0 os_flag.o
 .debug_frame   0x00000430       0x90 os_mbox.o
 .debug_frame   0x000004c0       0x80 os_mutex.o
 .debug_frame   0x00000540       0xc0 os_q.o
 .debug_frame   0x00000600       0x90 os_sem.o
 .debug_frame   0x00000690       0x90 os_task.o
 .debug_frame   0x00000720       0x60 os_time.o

.debug_str      0x00000000      0xf82
 *(.debug_str)
 .debug_str     0x00000000      0x11b bsp.o
                                0x154 (size before relaxing)
 .debug_str     0x0000011b       0xcc main.o
                                0x1c0 (size before relaxing)
 .debug_str     0x000001e7      0x467 os_core.o
                                0x593 (size before relaxing)
 .debug_str     0x0000064e       0xa8 os_cpu_c.o
                                0x2ca (size before relaxing)
 .debug_str     0x000006f6      0x2d2 os_dbg_r.o
                                0x67c (size before relaxing)
 .debug_str     0x000009c8      0x1c0 os_flag.o
                                0x484 (size before relaxing)
 .debug_str     0x00000b88       0xb7 os_mbox.o
                                0x334 (size before relaxing)
 .debug_str     0x00000c3f        0xe os_mem.o
                                 0xc5 (size before relaxing)
 .debug_str     0x00000c4d       0xbc os_mutex.o
                                0x373 (size before relaxing)
 .debug_str     0x00000d09       0xa2 os_q.o
                                0x396 (size before relaxing)
 .debug_str     0x00000dab       0x8f os_sem.o
                                0x31f (size before relaxing)
 .debug_str     0x00000e3a       0xbe os_task.o
                                0x347 (size before relaxing)
 .debug_str     0x00000ef8       0x6d os_time.o
                                0x2b8 (size before relaxing)
 .debug_str     0x00000f65        0xe os_tmr.o
                                 0xc5 (size before relaxing)
 .debug_str     0x00000f73        0xf ucos_ii.o
                                0x3b9 (size before relaxing)

.debug_loc
 *(.debug_loc)

.debug_macinfo
 *(.debug_macinfo)
OUTPUT(UCOS2_3.elf elf32-avr)
LOAD linker stubs

.debug_pubtypes
                0x00000000      0x7f9
 .debug_pubtypes
                0x00000000       0x33 bsp.o
 .debug_pubtypes
                0x00000033       0x58 main.o
 .debug_pubtypes
                0x0000008b       0xb8 os_core.o
 .debug_pubtypes
                0x00000143       0x7a os_cpu_c.o
 .debug_pubtypes
                0x000001bd       0xb8 os_dbg_r.o
 .debug_pubtypes
                0x00000275       0xc8 os_flag.o
 .debug_pubtypes
                0x0000033d       0xa8 os_mbox.o
 .debug_pubtypes
                0x000003e5       0x1c os_mem.o
 .debug_pubtypes
                0x00000401       0xaa os_mutex.o
 .debug_pubtypes
                0x000004ab       0xb4 os_q.o
 .debug_pubtypes
                0x0000055f       0xa6 os_sem.o
 .debug_pubtypes
                0x00000605       0xa6 os_task.o
 .debug_pubtypes
                0x000006ab       0x7a os_time.o
 .debug_pubtypes
                0x00000725       0x1c os_tmr.o
 .debug_pubtypes
                0x00000741       0xb8 ucos_ii.o
